Microchip MPLAB XC8 Compiler V2.45

Linker command line:

-W-3 \
  --edf=C:\Program Files\Microchip\xc8\v2.45\pic\dat\20230818022343_en.msgs \
  -cn -h+dist/default/debug\lab_2.X.debug.sym \
  --cmf=dist/default/debug\lab_2.X.debug.cmf -z -Q18F25K80 \
  -oC:\Users\e2254047\AppData\Local\Temp\xcAsmvs.\driver_tmp_3.o \
  --defsym=__MPLAB_BUILD=1 --fixupoverflow=error \
  -Mdist/default/debug/lab_2.X.debug.map \
  --md=C:\Users\e2254047\AppData\Local\Temp\xcAsmvs.\driver_tmp_0.dat -E1 \
  -ver=XC8 Compiler --acfsm=1493 -ACODE=00h-07FFFh -ACONST=00h-07FFFh \
  -ASMALLCONST=0F00h-0FFFhx113 -AMEDIUMCONST=0F00h-07FFFh -ACOMRAM=01h-05Fh \
  -AABS1=00h-0E40h -ABIGRAM=01h-0E40h \
  -ARAM=060h-0FFh,0100h-01FFhx13,0E00h-0E40h -ABANK0=060h-0FFh \
  -ABANK1=0100h-01FFh -ABANK2=0200h-02FFh -ABANK3=0300h-03FFh \
  -ABANK4=0400h-04FFh -ABANK5=0500h-05FFh -ABANK6=0600h-06FFh \
  -ABANK7=0700h-07FFh -ABANK8=0800h-08FFh -ABANK9=0900h-09FFh \
  -ABANK10=0A00h-0AFFh -ABANK11=0B00h-0BFFh -ABANK12=0C00h-0CFFh \
  -ABANK13=0D00h-0DFFh -ABANK14=0E00h-0E40h \
  -ASFR=0E41h-0EFFh,0F00h-0F5Fh,0F60h-0FFFh -ABIGSFR=0E41h-0FFFh \
  -ACONFIG=0300000h-030000Dh -AIDLOC=0200000h-0200007h \
  -AEEDATA=0F00000h-0F003FFh -peeprom_data=EEDATA \
  -preset_vec=00h,intcode=08h,intcodelo,powerup,init -pramtop=0F00h \
  -psmallconst=SMALLCONST -pmediumconst=MEDIUMCONST -pconst=CONST \
  -AFARRAM=00h-00h \
  -prdata=COMRAM,nvrram=COMRAM,nvbit=COMRAM,rbss=COMRAM,rbit=COMRAM \
  -pfarbss=FARRAM,fardata=FARRAM,nvFARRAM=FARRAM \
  -pintsave_regs=BIGRAM,bigbss=BIGRAM,bigdata=BIGRAM -pbss=RAM \
  -pidata=CODE,irdata=CODE,ibigdata=CODE,ifardata=CODE -prparam=COMRAM \
  C:\Users\e2254047\AppData\Local\Temp\xcAsmvs.\driver_tmp_14.o \
  dist/default/debug\lab_2.X.debug.o 

Object code version is 3.11

Machine type is 18F25K80



                Name                               Link     Load   Length Selector   Space Scale
C:\Users\e2254047\AppData\Local\Temp\xcAsmvs.\driver_tmp_14.o
                config                           300000   300000        E        0       4
                init                                 D4       D4        4        4       0
                reset_vec                             0        0        4        0       0
dist/default/debug\lab_2.X.debug.o
                intcode                               8        8       CC        4       0
                config                           300000   300000        E        0       4
                temp                                 51       51        1        1       1
                smallconst                          F00      F00       28      780       0
                text29                             1360     1360       26      794       0
                text28                             145E     145E        6      794       0
                text27                             146A     146A        2      794       0
                text26                             1458     1458        6      794       0
                text25                             10B4     10B4       AA      794       0
                text24                             12A6     12A6       3C      794       0
                text23                             1468     1468        2      794       0
                text22                             12E2     12E2       30      794       0
                text20                             13D8     13D8       16      794       0
                text19                             144E     144E        A      794       0
                text18                             1444     1444        A      794       0
                text17                             143A     143A        A      794       0
                text16                             1430     1430        A      794       0
                text15                             1426     1426        A      794       0
                text14                             115E     115E       74      794       0
                text13                             1464     1464        4      794       0
                text12                             1400     1400       12      794       0
                text11                             1312     1312       28      794       0
                text10                             13EE     13EE       12      794       0
                text9                              141C     141C        A      794       0
                text8                              1386     1386       1E      794       0
                text7                              13BE     13BE       1A      794       0
                text6                              11D2     11D2       52      794       0
                text5                              1412     1412        A      794       0
                text4                               F28      F28       CA      794       0
                text3                               FF2      FF2       C2      794       0
                text2                              1224     1224       42      794       0
                text1                              13A4     13A4       1A      794       0
                text0                              1266     1266       40      794       0
                cstackCOMRAM                         28       28       1D        1       1
                bssBANK0                             60       60       20       60       1
                bssCOMRAM                             1        1       27        1       1
                cinit                              133A     133A       26      794       0
                nvCOMRAM                             45       45        C        1       1

TOTAL           Name                               Link     Load   Length     Space
        CLASS   CODE           
                intcode                               8        8       CC         0
                init                                 D4       D4        4         0
                reset_vec                             0        0        4         0
                text29                             1360     1360       26         0
                text28                             145E     145E        6         0
                text27                             146A     146A        2         0
                text26                             1458     1458        6         0
                text25                             10B4     10B4       AA         0
                text24                             12A6     12A6       3C         0
                text23                             1468     1468        2         0
                text22                             12E2     12E2       30         0
                text20                             13D8     13D8       16         0
                text19                             144E     144E        A         0
                text18                             1444     1444        A         0
                text17                             143A     143A        A         0
                text16                             1430     1430        A         0
                text15                             1426     1426        A         0
                text14                             115E     115E       74         0
                text13                             1464     1464        4         0
                text12                             1400     1400       12         0
                text11                             1312     1312       28         0
                text10                             13EE     13EE       12         0
                text9                              141C     141C        A         0
                text8                              1386     1386       1E         0
                text7                              13BE     13BE       1A         0
                text6                              11D2     11D2       52         0
                text5                              1412     1412        A         0
                text4                               F28      F28       CA         0
                text3                               FF2      FF2       C2         0
                text2                              1224     1224       42         0
                text1                              13A4     13A4       1A         0
                text0                              1266     1266       40         0
                cinit                              133A     133A       26         0

        CLASS   CONST          

        CLASS   SMALLCONST     
                smallconst                          F00      F00       28         0

        CLASS   MEDIUMCONST    

        CLASS   COMRAM         
                temp                                 51       51        1         1
                cstackCOMRAM                         28       28       1D         1
                bssCOMRAM                             1        1       27         1
                nvCOMRAM                             45       45        C         1

        CLASS   ABS1           

        CLASS   BIGRAM         

        CLASS   RAM            

        CLASS   BANK0          
                bssBANK0                             60       60       20         1

        CLASS   BANK1          

        CLASS   BANK2          

        CLASS   BANK3          

        CLASS   BANK4          

        CLASS   BANK5          

        CLASS   BANK6          

        CLASS   BANK7          

        CLASS   BANK8          

        CLASS   BANK9          

        CLASS   BANK10         

        CLASS   BANK11         

        CLASS   BANK12         

        CLASS   BANK13         

        CLASS   BANK14         

        CLASS   SFR            

        CLASS   BIGSFR         

        CLASS   CONFIG         
                config                           300000   300000        E         4

        CLASS   IDLOC          

        CLASS   EEDATA         

        CLASS   FARRAM         

        CLASS   HEAP           

        CLASS   STACK          



SEGMENTS        Name                           Load    Length   Top    Selector   Space  Class

                reset_vec                      000000  000004  000004         0       0  CODE    
                bssCOMRAM                      000001  000051  000052         1       1  COMRAM  
                intcode                        000008  0000D0  0000D8         4       0  CODE    
                bssBANK0                       000060  000020  000080        60       1  BANK0   
                smallconst                     000F00  000028  000F28       780       0  SMALLCON
                text4                          000F28  000544  00146C       794       0  CODE    


UNUSED ADDRESS RANGES

        Name                Unused          Largest block    Delta
        BANK0            000080-0000FF               80
        BANK1            000100-0001FF              100
        BANK10           000A00-000AFF              100
        BANK11           000B00-000BFF              100
        BANK12           000C00-000CFF              100
        BANK13           000D00-000DFF              100
        BANK14           000E00-000E40               41
        BANK2            000200-0002FF              100
        BANK3            000300-0003FF              100
        BANK4            000400-0004FF              100
        BANK5            000500-0005FF              100
        BANK6            000600-0006FF              100
        BANK7            000700-0007FF              100
        BANK8            000800-0008FF              100
        BANK9            000900-0009FF              100
        BIGRAM           000052-00005F                E
                         000080-000E40              DC1
        BIGSFR           000E41-000FFF              1BF
        CODE             000004-000007                4
                         0000D8-000EFF              E28
                         00146C-007FFF             6B94
        COMRAM           000052-00005F                E
        CONST            000004-000007                4
                         0000D8-000EFF              E28
                         00146C-007FFF             6B94
        EEDATA           F00000-F003FF              400
        IDLOC            200000-200007                8
        MEDIUMCONST      00146C-007FFF             6B94
        RAM              000080-000E40              100
        SFR              000E41-000FFF               BF
        SMALLCONST       00146C-007FFF              100

                                  Symbol Table

?_printf                                        cstackCOMRAM 000041
?_vfprintf                                      cstackCOMRAM 00003C
EUSART1_SetErrorHandler@interruptHandler        cstackCOMRAM 00002C
EUSART1_SetFramingErrorHandler@interruptHandler cstackCOMRAM 00002C
EUSART1_SetOverrunErrorHandler@interruptHandler cstackCOMRAM 00002C
EUSART1_SetRxInterruptHandler@interruptHandler  cstackCOMRAM 00002C
EUSART1_SetTxInterruptHandler@interruptHandler  cstackCOMRAM 00002C
EUSART1_Write@txData                            cstackCOMRAM 00002C
TMR2_SetInterruptHandler@InterruptHandler       cstackCOMRAM 00002C
_ANCON0                                         (abs)        000F5D
_ANCON1                                         (abs)        000F5C
_BAUDCON1                                       (abs)        000FA7
_CCP2CON                                        (abs)        000F50
_CCPR2H                                         (abs)        000F52
_CCPR2L                                         (abs)        000F51
_CCPTMRSbits                                    (abs)        000F99
_EUSART1_DefaultErrorHandler                    text28       00145E
_EUSART1_DefaultFramingErrorHandler             text27       00146A
_EUSART1_DefaultOverrunErrorHandler             text26       001458
_EUSART1_ErrorHandler                           nvCOMRAM     000047
_EUSART1_FramingErrorHandler                    nvCOMRAM     00004B
_EUSART1_Initialize                             text14       00115E
_EUSART1_OverrunErrorHandler                    nvCOMRAM     000049
_EUSART1_Read                                   (abs)        000000
_EUSART1_Receive_ISR                            text25       0010B4
_EUSART1_RxDataHandler                          text29       001360
_EUSART1_RxDefaultInterruptHandler              nvCOMRAM     00004D
_EUSART1_SetErrorHandler                        text19       00144E
_EUSART1_SetFramingErrorHandler                 text18       001444
_EUSART1_SetOverrunErrorHandler                 text17       00143A
_EUSART1_SetRxInterruptHandler                  text16       001430
_EUSART1_SetTxInterruptHandler                  text15       001426
_EUSART1_Transmit_ISR                           text24       0012A6
_EUSART1_TxDefaultInterruptHandler              nvCOMRAM     00004F
_EUSART1_Write                                  text6        0011D2
_EUSART1_is_rx_ready                            text20       0013D8
_INTCON2bits                                    (abs)        000FF1
_INTCONbits                                     (abs)        000FF2
_INTERRUPT_Initialize                           text13       001464
_INTERRUPT_InterruptManager                     intcode      000008
_LATA                                           (abs)        000F89
_LATB                                           (abs)        000F8A
_LATC                                           (abs)        000F8B
_OSCCON                                         (abs)        000FD3
_OSCCON2                                        (abs)        000FD2
_OSCILLATOR_Initialize                          text12       001400
_OSCTUNE                                        (abs)        000F9B
_PIE1bits                                       (abs)        000F9D
_PIN_MANAGER_Initialize                         text11       001312
_PIR1bits                                       (abs)        000F9E
_PR2                                            (abs)        000FCB
_PWM2_Initialize                                text10       0013EE
_RCONbits                                       (abs)        000FD0
_RCREG1                                         (abs)        000FAE
_RCSTA1                                         (abs)        000FAB
_RCSTA1bits                                     (abs)        000FAB
_REFOCON                                        (abs)        000F9A
_SPBRG1                                         (abs)        000FAF
_SPBRGH1                                        (abs)        000F7D
_SYSTEM_Initialize                              text7        0013BE
_T2CON                                          (abs)        000FCA
_T2CONbits                                      (abs)        000FCA
_TMR2                                           (abs)        000FCC
_TMR2_DefaultInterruptHandler                   text23       001468
_TMR2_ISR                                       text22       0012E2
_TMR2_Initialize                                text8        001386
_TMR2_InterruptHandler                          nvCOMRAM     000045
_TMR2_SetInterruptHandler                       text9        00141C
_TRISA                                          (abs)        000F92
_TRISB                                          (abs)        000F93
_TRISC                                          (abs)        000F94
_TXREG1                                         (abs)        000FAD
_TXSTA1                                         (abs)        000FAC
_TXSTA1bits                                     (abs)        000FAC
_WPUB                                           (abs)        000F5B
__HRAM                                          (abs)        000000
__H__absolute__                                 __absolute__ 000000
__Habs1                                         abs1         000000
__Hbank0                                        bank0        000000
__Hbank1                                        bank1        000000
__Hbank10                                       bank10       000000
__Hbank11                                       bank11       000000
__Hbank12                                       bank12       000000
__Hbank13                                       bank13       000000
__Hbank14                                       bank14       000000
__Hbank2                                        bank2        000000
__Hbank3                                        bank3        000000
__Hbank4                                        bank4        000000
__Hbank5                                        bank5        000000
__Hbank6                                        bank6        000000
__Hbank7                                        bank7        000000
__Hbank8                                        bank8        000000
__Hbank9                                        bank9        000000
__Hbigbss                                       bigbss       000000
__Hbigdata                                      bigdata      000000
__Hbigram                                       bigram       000000
__Hbigsfr                                       bigsfr       000000
__Hbss                                          bss          000000
__HbssBANK0                                     bssBANK0     000000
__HbssCOMRAM                                    bssCOMRAM    000000
__Hcinit                                        cinit        000000
__Hclrtext                                      clrtext      000000
__Hcomram                                       comram       000000
__Hconfig                                       config       30000E
__Hconst                                        const        000000
__HcstackCOMRAM                                 cstackCOMRAM 000000
__Hdata                                         data         000000
__Heeprom_data                                  eeprom_data  000000
__Hfarbss                                       farbss       000000
__Hfardata                                      fardata      000000
__Hheap                                         heap         000000
__Hibigdata                                     ibigdata     000000
__Hidata                                        idata        000000
__Hidloc                                        idloc        000000
__Hifardata                                     ifardata     000000
__Hinit                                         init         0000D8
__Hintcode                                      intcode      0000D4
__Hintcode_body                                 intcode_body 000000
__Hintcodelo                                    intcodelo    0000D4
__Hintentry                                     intentry     000000
__Hintret                                       intret       000000
__Hintsave_regs                                 intsave_regs 000000
__Hirdata                                       irdata       000000
__Hmediumconst                                  mediumconst  000000
__HnvCOMRAM                                     nvCOMRAM     000000
__HnvFARRAM                                     nvFARRAM     000000
__Hnvbit                                        nvbit        000000
__Hnvrram                                       nvrram       000000
__Hparam                                        rparam       000000
__Hpowerup                                      powerup      0000D4
__Hram                                          ram          000000
__Hramtop                                       ramtop       000F00
__Hrbit                                         rbit         000000
__Hrbss                                         rbss         000000
__Hrdata                                        rdata        000000
__Hreset_vec                                    reset_vec    000004
__Hrparam                                       rparam       000000
__Hsfr                                          sfr          000000
__Hsmallconst                                   smallconst   000F28
__Hspace_0                                      (abs)        00146C
__Hspace_1                                      (abs)        000080
__Hspace_2                                      (abs)        000000
__Hspace_4                                      (abs)        60000E
__Hstack                                        stack        000000
__Hstruct                                       struct       000000
__Htemp                                         temp         000052
__Htext                                         text         000000
__Htext0                                        text0        000000
__Htext1                                        text1        000000
__Htext10                                       text10       000000
__Htext11                                       text11       000000
__Htext12                                       text12       000000
__Htext13                                       text13       000000
__Htext14                                       text14       000000
__Htext15                                       text15       000000
__Htext16                                       text16       000000
__Htext17                                       text17       000000
__Htext18                                       text18       000000
__Htext19                                       text19       000000
__Htext2                                        text2        000000
__Htext20                                       text20       000000
__Htext22                                       text22       000000
__Htext23                                       text23       000000
__Htext24                                       text24       000000
__Htext25                                       text25       000000
__Htext26                                       text26       000000
__Htext27                                       text27       000000
__Htext28                                       text28       000000
__Htext29                                       text29       000000
__Htext3                                        text3        000000
__Htext30                                       text30       000000
__Htext4                                        text4        000000
__Htext5                                        text5        000000
__Htext6                                        text6        000000
__Htext7                                        text7        000000
__Htext8                                        text8        000000
__Htext9                                        text9        000000
__LRAM                                          (abs)        000001
__L__absolute__                                 __absolute__ 000000
__Labs1                                         abs1         000000
__Lbank0                                        bank0        000000
__Lbank1                                        bank1        000000
__Lbank10                                       bank10       000000
__Lbank11                                       bank11       000000
__Lbank12                                       bank12       000000
__Lbank13                                       bank13       000000
__Lbank14                                       bank14       000000
__Lbank2                                        bank2        000000
__Lbank3                                        bank3        000000
__Lbank4                                        bank4        000000
__Lbank5                                        bank5        000000
__Lbank6                                        bank6        000000
__Lbank7                                        bank7        000000
__Lbank8                                        bank8        000000
__Lbank9                                        bank9        000000
__Lbigbss                                       bigbss       000000
__Lbigdata                                      bigdata      000000
__Lbigram                                       bigram       000000
__Lbigsfr                                       bigsfr       000000
__Lbss                                          bss          000000
__LbssBANK0                                     bssBANK0     000000
__LbssCOMRAM                                    bssCOMRAM    000000
__Lcinit                                        cinit        000000
__Lclrtext                                      clrtext      000000
__Lcomram                                       comram       000000
__Lconfig                                       config       000000
__Lconst                                        const        000000
__LcstackCOMRAM                                 cstackCOMRAM 000000
__Ldata                                         data         000000
__Leeprom_data                                  eeprom_data  000000
__Lfarbss                                       farbss       000000
__Lfardata                                      fardata      000000
__Lheap                                         heap         000000
__Libigdata                                     ibigdata     000000
__Lidata                                        idata        000000
__Lidloc                                        idloc        000000
__Lifardata                                     ifardata     000000
__Linit                                         init         0000D4
__Lintcode                                      intcode      000008
__Lintcode_body                                 intcode_body 000000
__Lintcodelo                                    intcodelo    0000D4
__Lintentry                                     intentry     000000
__Lintret                                       intret       000000
__Lintsave_regs                                 intsave_regs 000000
__Lirdata                                       irdata       000000
__Lmediumconst                                  mediumconst  000000
__LnvCOMRAM                                     nvCOMRAM     000000
__LnvFARRAM                                     nvFARRAM     000000
__Lnvbit                                        nvbit        000000
__Lnvrram                                       nvrram       000000
__Lparam                                        rparam       000000
__Lpowerup                                      powerup      0000D4
__Lram                                          ram          000000
__Lramtop                                       ramtop       000F00
__Lrbit                                         rbit         000000
__Lrbss                                         rbss         000000
__Lrdata                                        rdata        000000
__Lreset_vec                                    reset_vec    000000
__Lrparam                                       rparam       000000
__Lsfr                                          sfr          000000
__Lsmallconst                                   smallconst   000F00
__Lspace_0                                      (abs)        000000
__Lspace_1                                      (abs)        000000
__Lspace_2                                      (abs)        000000
__Lspace_4                                      (abs)        000000
__Lstack                                        stack        000000
__Lstruct                                       struct       000000
__Ltemp                                         temp         000051
__Ltext                                         text         000000
__Ltext0                                        text0        000000
__Ltext1                                        text1        000000
__Ltext10                                       text10       000000
__Ltext11                                       text11       000000
__Ltext12                                       text12       000000
__Ltext13                                       text13       000000
__Ltext14                                       text14       000000
__Ltext15                                       text15       000000
__Ltext16                                       text16       000000
__Ltext17                                       text17       000000
__Ltext18                                       text18       000000
__Ltext19                                       text19       000000
__Ltext2                                        text2        000000
__Ltext20                                       text20       000000
__Ltext22                                       text22       000000
__Ltext23                                       text23       000000
__Ltext24                                       text24       000000
__Ltext25                                       text25       000000
__Ltext26                                       text26       000000
__Ltext27                                       text27       000000
__Ltext28                                       text28       000000
__Ltext29                                       text29       000000
__Ltext3                                        text3        000000
__Ltext30                                       text30       000000
__Ltext4                                        text4        000000
__Ltext5                                        text5        000000
__Ltext6                                        text6        000000
__Ltext7                                        text7        000000
__Ltext8                                        text8        000000
__Ltext9                                        text9        000000
__S0                                            (abs)        00146C
__S1                                            (abs)        000080
__S4                                            (abs)        000000
__S5                                            (abs)        000000
___heap_hi                                      (abs)        000000
___heap_lo                                      (abs)        000000
___inthi_sp                                     stack        000000
___inthi_stack_hi                               stack        000000
___inthi_stack_lo                               stack        000000
___intlo_sp                                     stack        000000
___intlo_stack_hi                               stack        000000
___intlo_stack_lo                               stack        000000
___param_bank                                   (abs)        000000
___rparam_used                                  (abs)        000001
___sp                                           stack        000000
___stack_hi                                     stack        000000
___stack_lo                                     stack        000000
__accesstop                                     (abs)        000060
__activetblptr                                  (abs)        000002
__end_of_EUSART1_DefaultErrorHandler            text28       001464
__end_of_EUSART1_DefaultFramingErrorHandler     text27       00146C
__end_of_EUSART1_DefaultOverrunErrorHandler     text26       00145E
__end_of_EUSART1_Initialize                     text14       0011D2
__end_of_EUSART1_Receive_ISR                    text25       00115E
__end_of_EUSART1_RxDataHandler                  text29       001386
__end_of_EUSART1_SetErrorHandler                text19       001458
__end_of_EUSART1_SetFramingErrorHandler         text18       00144E
__end_of_EUSART1_SetOverrunErrorHandler         text17       001444
__end_of_EUSART1_SetRxInterruptHandler          text16       00143A
__end_of_EUSART1_SetTxInterruptHandler          text15       001430
__end_of_EUSART1_Transmit_ISR                   text24       0012E2
__end_of_EUSART1_Write                          text6        001224
__end_of_EUSART1_is_rx_ready                    text20       0013EE
__end_of_INTERRUPT_Initialize                   text13       001468
__end_of_INTERRUPT_InterruptManager             intcode      0000D4
__end_of_OSCILLATOR_Initialize                  text12       001412
__end_of_PIN_MANAGER_Initialize                 text11       00133A
__end_of_PWM2_Initialize                        text10       001400
__end_of_SYSTEM_Initialize                      text7        0013D8
__end_of_TMR2_DefaultInterruptHandler           text23       00146A
__end_of_TMR2_ISR                               text22       001312
__end_of_TMR2_Initialize                        text8        0013A4
__end_of_TMR2_SetInterruptHandler               text9        001426
__end_of__initialization                        cinit        001352
__end_of_fputc                                  text4        000FF2
__end_of_main                                   text0        0012A6
__end_of_printf                                 text1        0013BE
__end_of_putch                                  text5        00141C
__end_of_vfpfcnvrt                              text3        0010B4
__end_of_vfprintf                               text2        001266
__initialization                                cinit        00133A
__mediumconst                                   mediumconst  000000
__pbssBANK0                                     bssBANK0     000060
__pbssCOMRAM                                    bssCOMRAM    000001
__pcinit                                        cinit        00133A
__pcstackCOMRAM                                 cstackCOMRAM 000028
__pintcode                                      intcode      000008
__pnvCOMRAM                                     nvCOMRAM     000045
__psmallconst                                   smallconst   000F00
__ptext0                                        text0        001266
__ptext1                                        text1        0013A4
__ptext10                                       text10       0013EE
__ptext11                                       text11       001312
__ptext12                                       text12       001400
__ptext13                                       text13       001464
__ptext14                                       text14       00115E
__ptext15                                       text15       001426
__ptext16                                       text16       001430
__ptext17                                       text17       00143A
__ptext18                                       text18       001444
__ptext19                                       text19       00144E
__ptext2                                        text2        001224
__ptext20                                       text20       0013D8
__ptext22                                       text22       0012E2
__ptext23                                       text23       001468
__ptext24                                       text24       0012A6
__ptext25                                       text25       0010B4
__ptext26                                       text26       001458
__ptext27                                       text27       00146A
__ptext28                                       text28       00145E
__ptext29                                       text29       001360
__ptext3                                        text3        000FF2
__ptext30                                       text30       000000
__ptext4                                        text4        000F28
__ptext5                                        text5        001412
__ptext6                                        text6        0011D2
__ptext7                                        text7        0013BE
__ptext8                                        text8        001386
__ptext9                                        text9        00141C
__ramtop                                        ramtop       000F00
__smallconst                                    smallconst   000F00
_eusart1RxBuffer                                bssCOMRAM    000009
_eusart1RxCount                                 bssCOMRAM    000022
_eusart1RxHead                                  bssCOMRAM    000024
_eusart1RxLastError                             bssCOMRAM    000021
_eusart1RxStatusBuffer                          bssCOMRAM    000001
_eusart1RxTail                                  bssCOMRAM    000023
_eusart1TxBuffer                                bssCOMRAM    000011
_eusart1TxBufferRemaining                       bssCOMRAM    000025
_eusart1TxHead                                  bssCOMRAM    000027
_eusart1TxTail                                  bssCOMRAM    000026
_flags                                          bssCOMRAM    00001F
_fputc                                          text4        000F28
_i                                              bssCOMRAM    00001D
_main                                           text0        001266
_prec                                           bssCOMRAM    00001B
_printf                                         text1        0013A4
_putch                                          text5        001412
_verif                                          bssCOMRAM    000020
_vfpfcnvrt                                      text3        000FF2
_vfprintf                                       text2        001224
_width                                          bssCOMRAM    000019
btemp                                           temp         000051
end_of_initialization                           cinit        001352
fputc@c                                         cstackCOMRAM 00002E
fputc@fp                                        cstackCOMRAM 000030
int$flags                                       temp         000051
intlevel0                                       text         000000
intlevel1                                       text         000000
intlevel2                                       text         000000
intlevel3                                       text         000000
isa$std                                         (abs)        000001
isa$xinst                                       (abs)        000000
printf@ap                                       cstackCOMRAM 000042
printf@fmt                                      cstackCOMRAM 000041
putch@txData                                    cstackCOMRAM 00002D
stackhi                                         (abs)        000000
stacklo                                         (abs)        000000
start                                           init         0000D4
start_initialization                            cinit        00133A
ttemp5                                          temp         000052
ttemp6                                          temp         000055
ttemp7                                          temp         000059
vfpfcnvrt@ap                                    cstackCOMRAM 00003A
vfpfcnvrt@c                                     cstackCOMRAM 00003B
vfpfcnvrt@fmt                                   cstackCOMRAM 000039
vfpfcnvrt@fp                                    cstackCOMRAM 000037
vfprintf@ap                                     cstackCOMRAM 00003F
vfprintf@cfmt                                   cstackCOMRAM 000040
vfprintf@fmt                                    cstackCOMRAM 00003E
vfprintf@fp                                     cstackCOMRAM 00003C
wtemp8                                          temp         000052


MODULE INFORMATION

Module		Function		Class		Link	Load	Size
mcc_generated_files/tmr2.c
		_TMR2_ISR      		CODE           	12E2	0000	48
		_TMR2_Initialize		CODE           	1386	0000	30
		_TMR2_SetInterruptHandler		CODE           	141C	0000	10
		_TMR2_DefaultInterruptHandler		CODE           	1468	0000	2

mcc_generated_files/tmr2.c estimated size: 90

mcc_generated_files/interrupt_manager.c
		_INTERRUPT_Initialize		CODE           	1464	0000	4
		_INTERRUPT_InterruptManager		CODE           	0008	0000	204

mcc_generated_files/interrupt_manager.c estimated size: 208

mcc_generated_files/pwm2.c
		_PWM2_Initialize		CODE           	13EE	0000	18

mcc_generated_files/pwm2.c estimated size: 18

mcc_generated_files/pin_manager.c
		_PIN_MANAGER_Initialize		CODE           	1312	0000	40

mcc_generated_files/pin_manager.c estimated size: 40

C:\Program Files\Microchip\xc8\v2.45\pic\sources\c99\common\printf.c
		_printf        		CODE           	13A4	0000	26

C:\Program Files\Microchip\xc8\v2.45\pic\sources\c99\common\printf.c estimated size: 26

shared
		__initialization		CODE           	133A	0000	24

shared estimated size: 24

mcc_generated_files/eusart1.c
		_EUSART1_SetRxInterruptHandler		CODE           	1430	0000	10
		_EUSART1_SetTxInterruptHandler		CODE           	1426	0000	10
		_EUSART1_is_rx_ready		CODE           	13D8	0000	22
		_EUSART1_Initialize		CODE           	115E	0000	116
		_putch         		CODE           	1412	0000	10
		_EUSART1_DefaultErrorHandler		CODE           	145E	0000	6
		_EUSART1_SetFramingErrorHandler		CODE           	1444	0000	10
		_EUSART1_SetOverrunErrorHandler		CODE           	143A	0000	10
		_EUSART1_SetErrorHandler		CODE           	144E	0000	10
		_EUSART1_Write 		CODE           	11D2	0000	82
		_EUSART1_Receive_ISR		CODE           	10B4	0000	170
		_EUSART1_RxDataHandler		CODE           	1360	0000	38
		_EUSART1_DefaultOverrunErrorHandler		CODE           	1458	0000	6
		_EUSART1_Transmit_ISR		CODE           	12A6	0000	60
		_EUSART1_DefaultFramingErrorHandler		CODE           	146A	0000	2

mcc_generated_files/eusart1.c estimated size: 562

mcc_generated_files/mcc.c
		_OSCILLATOR_Initialize		CODE           	1400	0000	18
		_SYSTEM_Initialize		CODE           	13BE	0000	26

mcc_generated_files/mcc.c estimated size: 44

main.c
		_main          		CODE           	1266	0000	64

main.c estimated size: 64

C:\Program Files\Microchip\xc8\v2.45\pic\sources\c99\common\nf_fputc.c
		_fputc         		CODE           	0F28	0000	202

C:\Program Files\Microchip\xc8\v2.45\pic\sources\c99\common\nf_fputc.c estimated size: 202

C:\Program Files\Microchip\xc8\v2.45\pic\sources\c99\common\doprnt.c
		_vfpfcnvrt     		CODE           	0FF2	0000	194
		_vfprintf      		CODE           	1224	0000	66

C:\Program Files\Microchip\xc8\v2.45\pic\sources\c99\common\doprnt.c estimated size: 260

